{"sessionId": "1c457e", "hypothesisId": "A", "location": "slack_app.py:run", "message": "startup rag config", "data": {"use_bedrock": true, "ai_api_key_set": true, "aws_creds": false, "rag_enabled": false, "rag_engine_will_init": false}, "timestamp": 1780633317828}
{"sessionId": "1c457e", "hypothesisId": "B", "location": "slack_app.py:on_mention", "message": "app_mention received", "data": {"channel": "C0B3P3S810E", "channel_type": null, "has_thread_ts": false, "text_preview": "<@U0B4MUL3FAS> 16進数について教えてください"}, "timestamp": 1780633349198}
{"sessionId": "1c457e", "hypothesisId": "B", "location": "slack_app.py:on_mention", "message": "mention RAG path", "data": {"text_preview": "16進数について教えてください", "reply_ts": "1780633355.543029"}, "timestamp": 1780633349204}
{"sessionId": "1c457e", "hypothesisId": "A", "location": "slack_app.py:_run_rag_if_allowed", "message": "rag is None, posting NO_AI_REPLY", "data": {"text_len": 15, "thread_ts": "1780633355.543029"}, "timestamp": 1780633349206}
{"sessionId": "1c457e", "hypothesisId": "A", "location": "slack_app.py:run", "message": "startup rag config", "data": {"use_bedrock": true, "ai_api_key_set": true, "aws_creds": false, "rag_enabled": false, "rag_engine_will_init": false}, "timestamp": 1780652223339}
{"sessionId": "1c457e", "hypothesisId": "B", "location": "slack_app.py:on_mention", "message": "app_mention received", "data": {"channel": "C0B3P3S810E", "channel_type": null, "has_thread_ts": false, "text_preview": "<@U0B4MUL3FAS> 16進数について教えてください"}, "timestamp": 1780652245127}
{"sessionId": "1c457e", "hypothesisId": "B", "location": "slack_app.py:on_mention", "message": "mention RAG path", "data": {"text_preview": "16進数について教えてください", "reply_ts": "1780652251.532669"}, "timestamp": 1780652245132}
{"sessionId": "1c457e", "hypothesisId": "A", "location": "slack_app.py:_run_rag_if_allowed", "message": "rag is None, posting NO_AI_REPLY", "data": {"text_len": 15, "thread_ts": "1780652251.532669"}, "timestamp": 1780652245134}
{"sessionId": "1c457e", "hypothesisId": "C", "location": "slack_app.py:on_message", "message": "ignored: channel message without mention", "data": {"channel_type": "group", "in_thread": true, "bot_active": false, "text_preview": "くそじゃん、消え失せて"}, "timestamp": 1780652259728}
{"sessionId": "1c457e", "hypothesisId": "A", "location": "slack_app.py:run", "message": "startup rag config", "data": {"use_bedrock": true, "ai_api_key_set": true, "aws_creds": false, "rag_enabled": false, "rag_engine_will_init": false}, "timestamp": 1780652742455}
{"sessionId": "1c457e", "hypothesisId": "B", "location": "slack_app.py:on_mention", "message": "app_mention received", "data": {"channel": "C0B3P3S810E", "channel_type": null, "has_thread_ts": false, "text_preview": "<@U0B4MUL3FAS> 公開鍵暗号方式について教えてください"}, "timestamp": 1780652782730}
{"sessionId": "1c457e", "hypothesisId": "B", "location": "slack_app.py:on_mention", "message": "mention RAG path", "data": {"text_preview": "公開鍵暗号方式について教えてください", "reply_ts": "1780652788.970559"}, "timestamp": 1780652782736}
{"sessionId": "1c457e", "hypothesisId": "A", "location": "slack_app.py:_run_rag_if_allowed", "message": "rag is None, posting NO_AI_REPLY", "data": {"text_len": 18, "thread_ts": "1780652788.970559"}, "timestamp": 1780652782738}
{"sessionId": "1c457e", "hypothesisId": "C", "location": "slack_app.py:on_message", "message": "skipped: already processed by app_mention", "data": {"channel": "C0B3P3S810E", "ts": "1780652788.970559"}, "timestamp": 1780652782844}
{"sessionId": "1c457e", "hypothesisId": "A", "location": "slack_app.py:run", "message": "startup rag config", "data": {"use_bedrock": true, "ai_api_key_set": true, "aws_creds": true, "rag_enabled": true, "rag_engine_will_init": true}, "timestamp": 1780653149436}
{"sessionId": "1c457e", "hypothesisId": "B", "location": "slack_app.py:on_mention", "message": "app_mention received", "data": {"channel": "C0B3P3S810E", "channel_type": null, "has_thread_ts": false, "text_preview": "<@U0B4MUL3FAS> 公開鍵暗号方式について教えてください"}, "timestamp": 1780653168609}
{"sessionId": "1c457e", "hypothesisId": "B", "location": "slack_app.py:on_mention", "message": "mention RAG path", "data": {"text_preview": "公開鍵暗号方式について教えてください", "reply_ts": "1780653175.063899"}, "timestamp": 1780653168613}
{"sessionId": "1c457e", "hypothesisId": "A", "location": "slack_app.py:run", "message": "startup rag config", "data": {"use_bedrock": true, "ai_api_key_set": true, "aws_creds": true, "rag_enabled": true, "rag_engine_will_init": true}, "timestamp": 1780907351499}
{"sessionId": "1c457e", "hypothesisId": "B", "location": "slack_app.py:on_mention", "message": "app_mention received", "data": {"channel": "C0B3P3S810E", "channel_type": null, "has_thread_ts": false, "text_preview": "<@U0B4MUL3FAS> 16進数について教えてください"}, "timestamp": 1780907473731}
{"sessionId": "1c457e", "hypothesisId": "B", "location": "slack_app.py:on_mention", "message": "mention RAG path", "data": {"text_preview": "16進数について教えてください", "reply_ts": "1780907471.556519"}, "timestamp": 1780907473750}
{"sessionId": "1c457e", "hypothesisId": "A", "location": "slack_app.py:run", "message": "startup rag config", "data": {"use_bedrock": true, "ai_api_key_set": true, "aws_creds": true, "rag_enabled": true, "rag_engine_will_init": true}, "timestamp": 1780907689958}
{"sessionId": "1c457e", "hypothesisId": "B", "location": "slack_app.py:on_mention", "message": "app_mention received", "data": {"channel": "C0B3P3S810E", "channel_type": null, "has_thread_ts": false, "text_preview": "<@U0B4MUL3FAS> 16進数について教えてください"}, "timestamp": 1780910789335}
{"sessionId": "1c457e", "hypothesisId": "B", "location": "slack_app.py:on_mention", "message": "mention RAG path", "data": {"text_preview": "16進数について教えてください", "reply_ts": "1780910787.409279"}, "timestamp": 1780910789345}
{"sessionId": "1c457e", "hypothesisId": "B", "location": "slack_app.py:on_mention", "message": "app_mention received", "data": {"channel": "C0B3P3S810E", "channel_type": null, "has_thread_ts": false, "text_preview": "<@U0B4MUL3FAS> 16進数について教えてください"}, "timestamp": 1780911272920}
{"sessionId": "1c457e", "hypothesisId": "B", "location": "slack_app.py:on_mention", "message": "mention RAG path", "data": {"text_preview": "16進数について教えてください", "reply_ts": "1780911271.345119"}, "timestamp": 1780911272921}
{"sessionId": "1c457e", "hypothesisId": "A", "location": "slack_app.py:run", "message": "startup rag config", "data": {"use_bedrock": true, "ai_api_key_set": true, "aws_creds": true, "rag_enabled": true, "rag_engine_will_init": true}, "timestamp": 1780911536591}
{"sessionId": "1c457e", "hypothesisId": "B", "location": "slack_app.py:on_mention", "message": "app_mention received", "data": {"channel": "C0B3P3S810E", "channel_type": null, "has_thread_ts": false, "text_preview": "<@U0B4MUL3FAS> 16進数について教えてください"}, "timestamp": 1780911569628}
{"sessionId": "1c457e", "hypothesisId": "B", "location": "slack_app.py:on_mention", "message": "mention RAG path", "data": {"text_preview": "16進数について教えてください", "reply_ts": "1780911567.714329"}, "timestamp": 1780911569629}
{"sessionId": "1c457e", "hypothesisId": "A", "location": "slack_app.py:run", "message": "startup rag config", "data": {"use_bedrock": true, "ai_api_key_set": true, "aws_creds": true, "rag_enabled": true, "rag_engine_will_init": true}, "timestamp": 1780911757669}
{"sessionId": "1c457e", "hypothesisId": "B", "location": "slack_app.py:on_mention", "message": "app_mention received", "data": {"channel": "C0B3P3S810E", "channel_type": null, "has_thread_ts": false, "text_preview": "<@U0B4MUL3FAS> 16進数について教えてください"}, "timestamp": 1780911857641}
{"sessionId": "1c457e", "hypothesisId": "B", "location": "slack_app.py:on_mention", "message": "mention RAG path", "data": {"text_preview": "16進数について教えてください", "reply_ts": "1780911856.126019"}, "timestamp": 1780911857643}
{"sessionId": "1c457e", "hypothesisId": "B", "location": "slack_app.py:on_mention", "message": "app_mention received", "data": {"channel": "C0B3P3S810E", "channel_type": null, "has_thread_ts": false, "text_preview": "<@U0B4MUL3FAS> 量子鍵配送とは？"}, "timestamp": 1780911937405}
{"sessionId": "1c457e", "hypothesisId": "B", "location": "slack_app.py:on_mention", "message": "mention RAG path", "data": {"text_preview": "量子鍵配送とは？", "reply_ts": "1780911935.643649"}, "timestamp": 1780911937407}
{"sessionId": "1c457e", "hypothesisId": "B", "location": "slack_app.py:on_mention", "message": "app_mention received", "data": {"channel": "C0B3P3S810E", "channel_type": null, "has_thread_ts": false, "text_preview": "<@U0B4MUL3FAS> 基本情報のB問題の過去問出して"}, "timestamp": 1780912250545}
{"sessionId": "1c457e", "hypothesisId": "B", "location": "slack_app.py:on_message", "message": "thread follow-up RAG path", "data": {"key": "C0B3P3S810E:1780912248.867959", "text_preview": "他にもB問題の過去問を出してください"}, "timestamp": 1780912310624}
{"sessionId": "1c457e", "hypothesisId": "B", "location": "slack_app.py:on_message", "message": "thread follow-up RAG path", "data": {"key": "C0B3P3S810E:1780912248.867959", "text_preview": "エ"}, "timestamp": 1780912341786}
{"sessionId": "1c457e", "hypothesisId": "B", "location": "slack_app.py:on_mention", "message": "app_mention received", "data": {"channel": "C0B3P3S810E", "channel_type": null, "has_thread_ts": false, "text_preview": "<@U0B4MUL3FAS> 基本情報のB問題の過去問出して"}, "timestamp": 1780912780126}
